// Jest Snapshot v1, https://goo.gl/fbAQLP

exports[`api-feature generator should generate the feature libraries 1`] = `
"export * from './lib/api-test-data-access.module';
export * from './lib/api-test.service';
export * from './lib/entity/test.entity';
export * from './lib/dto/admin-create-test.input';
export * from './lib/dto/admin-find-many-test.input';
export * from './lib/dto/admin-update-test.input';
"
`;

exports[`api-feature generator should generate the feature libraries 2`] = `
"import { Injectable } from '@nestjs/common';
import { ApiCoreService } from '@proj/api/core/data-access';
import { AdminCreateTestInput } from './dto/admin-create-test.input';
import { AdminFindManyTestInput } from './dto/admin-find-many-test.input';
import { AdminUpdateTestInput } from './dto/admin-update-test.input';
import { parseAdminFindManyTest } from './helpers/parse-admin-find-many-test';

@Injectable()
export class ApiTestAdminService {
  constructor(private readonly core: ApiCoreService) {}

  async createTest(input: AdminCreateTestInput) {
    return this.core.data.test.create({ data: input });
  }

  async deleteTest(testId: string) {
    const deleted = await this.core.data.test.delete({ where: { id: testId } });
    return !!deleted;
  }

  async findManyTest(input: AdminFindManyTestInput) {
    const { where, orderBy, take, skip } = parseAdminFindManyTest(input);
    const items = await this.core.data.test.findMany({
      where,
      orderBy,
      take,
      skip,
    });
    return items ?? [];
  }

  async findManyTestCount(input: AdminFindManyTestInput) {
    const { where, orderBy, take, skip } = parseAdminFindManyTest(input);
    const [count, total] = await Promise.all([
      this.core.data.test.count({ where, orderBy, take, skip }),
      this.core.data.test.count({ where, orderBy }),
    ]);
    return { count, skip, take, total };
  }

  async findOneTest(testId: string) {
    return this.core.data.test.findUnique({ where: { id: testId } });
  }

  async updateTest(testId: string, input: AdminUpdateTestInput) {
    return this.core.data.test.update({ where: { id: testId }, data: input });
  }
}
"
`;

exports[`api-feature generator should generate the feature libraries 3`] = `
"import { Module } from '@nestjs/common';
import { ApiCoreDataAccessModule } from '@proj/api/core/data-access';
import { ApiTestAdminService } from './api-test-admin.service';

import { ApiTestService } from './api-test.service';

@Module({
  imports: [ApiCoreDataAccessModule],
  providers: [ApiTestService, ApiTestAdminService],
  exports: [ApiTestService],
})
export class ApiTestDataAccessModule {}
"
`;

exports[`api-feature generator should generate the feature libraries 4`] = `
"import { Injectable } from '@nestjs/common';
import { ApiCoreService } from '@proj/api/core/data-access';
import { ApiTestAdminService } from './api-test-admin.service';

@Injectable()
export class ApiTestService {
  constructor(
    private readonly core: ApiCoreService,
    readonly admin: ApiTestAdminService
  ) {}
}
"
`;

exports[`api-feature generator should generate the feature libraries 5`] = `
"import { Field, InputType } from '@nestjs/graphql';

@InputType()
export class AdminCreateTestInput {
  @Field()
  name!: string;
}
"
`;

exports[`api-feature generator should generate the feature libraries 6`] = `
"import { Field, InputType, Int } from '@nestjs/graphql';

@InputType()
export class AdminFindManyTestInput {
  @Field({ nullable: true })
  search?: string;
  @Field(() => Int, { nullable: true, defaultValue: 0 })
  skip?: number;
  @Field(() => Int, { nullable: true, defaultValue: 10 })
  take?: number;
}
"
`;

exports[`api-feature generator should generate the feature libraries 7`] = `
"import { Field, InputType } from '@nestjs/graphql';

@InputType()
export class AdminUpdateTestInput {
  @Field({ nullable: true })
  name?: string;
}
"
`;

exports[`api-feature generator should generate the feature libraries 8`] = `
"import { Prisma } from '@prisma/client';
import { AdminFindManyTestInput } from '../dto/admin-find-many-test.input';

export function parseAdminFindManyTest(input: AdminFindManyTestInput): {
  orderBy: Prisma.TestOrderByWithRelationInput;
  skip?: number;
  take?: number;
  where: Prisma.TestWhereInput;
} {
  const where: Prisma.TestWhereInput = {};

  if (input.search) {
    where.OR = [
      { id: { contains: input.search, mode: 'insensitive' } },
      { name: { contains: input.search, mode: 'insensitive' } },
    ];
  }

  return {
    where,
    skip: input.skip ?? 0,
    take: input.take ?? 10,
    orderBy: { name: 'asc' },
  };
}
"
`;

exports[`api-feature generator should generate the feature libraries 9`] = `
"import { Field, ObjectType } from '@nestjs/graphql';

@ObjectType()
export class Test {
  @Field()
  id!: string;
  @Field({ nullable: true })
  createdAt?: Date;
  @Field({ nullable: true })
  updatedAt?: Date;
  @Field()
  name!: string;
}
"
`;

exports[`api-feature generator should generate the feature libraries 10`] = `
"export * from './lib/api-test-feature.module';
"
`;

exports[`api-feature generator should generate the feature libraries 11`] = `
"import { Resolver } from '@nestjs/graphql';
import { ApiTestService } from '@proj/api/test/data-access';
import { ApiAuthGraphQLAdminGuard } from '@proj/api/auth/data-access';
import { Paging } from '@proj/api/core/data-access';
import { Mutation, Query, Args } from '@nestjs/graphql';
import { UseGuards } from '@nestjs/common';
import {
  AdminCreateTestInput,
  AdminFindManyTestInput,
  Test,
  AdminUpdateTestInput,
} from '@proj/api/test/data-access';

@Resolver()
@UseGuards(ApiAuthGraphQLAdminGuard)
export class ApiTestAdminResolver {
  constructor(private readonly service: ApiTestService) {}

  @Mutation(() => Test, { nullable: true })
  adminCreateTest(@Args('input') input: AdminCreateTestInput) {
    return this.service.admin.createTest(input);
  }

  @Mutation(() => Boolean, { nullable: true })
  adminDeleteTest(@Args('testId') testId: string) {
    return this.service.admin.deleteTest(testId);
  }

  @Query(() => [Test], { nullable: true })
  adminFindManyTest(@Args('input') input: AdminFindManyTestInput) {
    return this.service.admin.findManyTest(input);
  }

  @Query(() => Paging, { nullable: true })
  adminFindManyTestCount(@Args('input') input: AdminFindManyTestInput) {
    return this.service.admin.findManyTestCount(input);
  }

  @Query(() => Test, { nullable: true })
  adminFindOneTest(@Args('testId') testId: string) {
    return this.service.admin.findOneTest(testId);
  }

  @Mutation(() => Test, { nullable: true })
  adminUpdateTest(
    @Args('testId') testId: string,
    @Args('input') input: AdminUpdateTestInput
  ) {
    return this.service.admin.updateTest(testId, input);
  }
}
"
`;

exports[`api-feature generator should generate the feature libraries 12`] = `
"import { Module } from '@nestjs/common';
import { ApiTestDataAccessModule } from '@proj/api/test/data-access';
import { ApiTestAdminResolver } from './api-test-admin.resolver';

@Module({
  imports: [ApiTestDataAccessModule],
  providers: [ApiTestAdminResolver],
})
export class ApiTestFeatureModule {}
"
`;
